# compiler: R8
# compiler_version: 1.5.64
# pg_map_id: 9e5c374
viewjets.BuildConfig -> viewjets.BuildConfig:
    1:1:void <init>():6:6 -> <init>
viewjets.CustomSoftInputEditText -> viewjets.CustomSoftInputEditText:
    1:2:void <init>(android.content.Context):15:16 -> <init>
    3:4:void <init>(android.content.Context,android.util.AttributeSet):20:21 -> <init>
    5:6:void <init>(android.content.Context,android.util.AttributeSet,int):25:26 -> <init>
    1:2:void init():30:31 -> a
    1:5:boolean onTouchEvent(android.view.MotionEvent):38:42 -> onTouchEvent
viewjets.ProgressLayout -> viewjets.ProgressLayout:
    int backgroundColor -> b
    com.joogat.helpers.SystemBarHelper systemBarHelper -> a
    boolean isActive -> c
    1:1:void <init>(android.content.Context):28:28 -> <init>
    2:8:void <init>(android.content.Context):23:29 -> <init>
    9:9:void <init>(android.content.Context,android.util.AttributeSet):33:33 -> <init>
    10:21:void <init>(android.content.Context,android.util.AttributeSet):23:34 -> <init>
    22:22:void <init>(android.content.Context,android.util.AttributeSet,int):38:38 -> <init>
    23:39:void <init>(android.content.Context,android.util.AttributeSet,int) -> <init>
    40:40:void <init>(android.content.Context,android.util.AttributeSet,int,int):44:44 -> <init>
    41:63:void <init>(android.content.Context,android.util.AttributeSet,int,int):23:45 -> <init>
    1:16:void init(android.content.Context,android.util.AttributeSet):50:65 -> a
    1:4:void hide():93:96 -> hide
    1:6:void show():70:75 -> show
    7:15:void show(java.lang.Runnable):80:88 -> show
viewjets.SelectableTextViewWithDrawables -> viewjets.SelectableTextViewWithDrawables:
    int textColorSelected -> j
    int backgroundColorSelected -> h
    int textColorDefault -> i
    boolean isSelected -> l
    android.graphics.drawable.Drawable backgroundDefault -> k
    int drawableColorSelected -> g
    android.view.View$OnClickListener clickListener -> f
    1:1:void <init>(android.content.Context):27:27 -> <init>
    2:2:void <init>(android.content.Context):24:24 -> <init>
    3:3:void <init>(android.content.Context,android.util.AttributeSet):31:31 -> <init>
    4:4:void <init>(android.content.Context,android.util.AttributeSet):24:24 -> <init>
    5:5:void <init>(android.content.Context,android.util.AttributeSet,int):35:35 -> <init>
    6:6:void <init>(android.content.Context,android.util.AttributeSet,int):24:24 -> <init>
    1:18:void init(android.content.Context,android.util.AttributeSet,int):42:59 -> a
    1:8:void onClick(android.view.View):90:97 -> onClick
    1:2:void setBackground(android.graphics.drawable.Drawable):118:119 -> setBackground
    1:2:void setBackgroundColor(int):124:125 -> setBackgroundColor
    1:1:void setOnClickListener(android.view.View$OnClickListener):104:104 -> setOnClickListener
    1:7:void setSelected():66:72 -> setSelected
    1:2:void setTextColor(int):111:112 -> setTextColor
    1:7:void setUnselected():77:83 -> setUnselected
viewjets.TextViewWithDrawables -> viewjets.TextViewWithDrawables:
    android.graphics.drawable.Drawable drawableRight -> c
    android.graphics.drawable.Drawable drawableTop -> d
    android.graphics.drawable.Drawable drawableBottom -> e
    int drawableColor -> a
    android.graphics.drawable.Drawable drawableLeft -> b
    1:1:void <init>(android.content.Context):21:21 -> <init>
    2:2:void <init>(android.content.Context,android.util.AttributeSet):25:25 -> <init>
    3:4:void <init>(android.content.Context,android.util.AttributeSet,int):29:30 -> <init>
    1:13:void init(android.content.Context,android.util.AttributeSet,int):39:51 -> a
    14:31:android.graphics.drawable.Drawable getDrawableFor(android.content.Context,int,android.content.res.TypedArray):59:76 -> a
    1:1:void applyDrawableColor(android.graphics.drawable.Drawable,int):93:93 -> applyDrawableColor
    1:1:android.graphics.drawable.Drawable getDrawableBottom():103:103 -> getDrawableBottom
    1:1:android.graphics.drawable.Drawable getDrawableLeft():104:104 -> getDrawableLeft
    1:1:android.graphics.drawable.Drawable getDrawableRight():102:102 -> getDrawableRight
    1:1:android.graphics.drawable.Drawable getDrawableTop():105:105 -> getDrawableTop
    1:4:void setCustomDrawables():83:86 -> setCustomDrawables
    1:1:void setDrawableBottom(android.graphics.drawable.Drawable):98:98 -> setDrawableBottom
    1:1:void setDrawableLeft(android.graphics.drawable.Drawable):99:99 -> setDrawableLeft
    1:1:void setDrawableRight(android.graphics.drawable.Drawable):97:97 -> setDrawableRight
    1:1:void setDrawableTop(android.graphics.drawable.Drawable):100:100 -> setDrawableTop
